> Task :app:packageDebugResources
> Task :app:createDebugCompatibleScreenManifests
> Task :app:extractDeepLinksDebug
> Task :app:parseDebugLocalResources
> Task :app:mergeDebugResources
> Task :app:processDebugMainManifest
> Task :app:processDebugManifest
> Task :app:javaPreCompileDebug
> Task :app:mergeDebugShaders
> Task :app:compileDebugShaders NO-SOURCE
> Task :app:generateDebugAssets UP-TO-DATE
> Task :app:mergeDebugAssets FROM-CACHE
> Task :app:compressDebugAssets
> Task :app:desugarDebugFileDependencies
> Task :app:mergeDebugJniLibFolders FROM-CACHE
> Task :app:checkDebugDuplicateClasses
> Task :app:mergeDebugNativeLibs
> Task :app:processDebugManifestForPackage
> Task :app:mergeExtDexDebug
> Task :app:mergeLibDexDebug

> Task :app:stripDebugDebugSymbols
Unable to strip the following libraries, packaging them as they are: libmaplibre.so, libonnxruntime.so, libonnxruntime4j_jni.so.

> Task :app:processDebugResources FAILED
> Task :app:validateSigningDebug

[Incubating] Problems report is available at: file:///home/user/GENSINGO/build/reports/problems/problems-report.html

FAILURE: Build failed with an exception.

* What went wrong:
Execution failed for task ':app:processDebugResources'.
> A failure occurred while executing com.android.build.gradle.internal.res.LinkApplicationAndroidResourcesTask$TaskAction
   > Android resource linking failed
     ERROR: /home/user/GENSINGO/app/src/main/AndroidManifest.xml:23:5-52:19: AAPT: error: resource mipmap/ic_launcher (aka com.discomplemented.ginseng:mipmap/ic_launcher) not found.
         
     ERROR: /home/user/GENSINGO/app/src/main/AndroidManifest.xml:23:5-52:19: AAPT: error: resource string/app_name (aka com.discomplemented.ginseng:string/app_name) not found.
         
     ERROR: /home/user/GENSINGO/app/src/main/AndroidManifest.xml:23:5-52:19: AAPT: error: resource mipmap/ic_launcher_round (aka com.discomplemented.ginseng:mipmap/ic_launcher_round) not found.
         
     ERROR: /home/user/GENSINGO/app/src/main/AndroidManifest.xml:23:5-52:19: AAPT: error: resource style/Theme.GinsengScout (aka com.discomplemented.ginseng:style/Theme.GinsengScout) not found.
         
     ERROR: /home/user/GENSINGO/app/src/main/AndroidManifest.xml:34:9-43:20: AAPT: error: resource style/Theme.GinsengScout (aka com.discomplemented.ginseng:style/Theme.GinsengScout) not found.
         

* Try:
> Run with --stacktrace option to get the stack trace.
> Run with --info or --debug option to get more log output.
> Run with --scan to get full insights.
> Get more help at https://help.gradle.org.

Deprecated Gradle features were used in this build, making it incompatible with Gradle 9.0.

You can use '--warning-mode all' to show the individual deprecation warnings and determine if they come from your own scripts or plugins.

For more on this, please refer to https://docs.gradle.org/8.14.3/userguide/command_line_interface.html#sec:command_line_warnings in the Gradle documentation.

BUILD FAILED in 2m 43s
25 actionable tasks: 23 executed, 2 from cache

[exited with code 0]
